// Jest Snapshot v1, https://goo.gl/fbAQLP

exports[`syntax: exportImported 1`] = `
Array [
  "export {defaultExport}",
  "",
  "export {export1}",
  "export {alias1}",
  "export {export2, export3}",
  "export {export4, alias2}",
  "export {defaultExport2, export6}",
  "export {defaultExport3}",
  "export {name3}",
  "",
]
`;

exports[`syntax: result 1`] = `
Object {
  "imports": Array [
    Object {
      "end": 36,
      "from": "module-1",
      "names": Object {
        "default": "defaultExport",
      },
      "start": 0,
    },
    Object {
      "end": 69,
      "from": "module-2",
      "namespace": Object {
        "name": "name",
        "usingProps": Array [],
      },
      "start": 37,
    },
    Object {
      "end": 104,
      "from": "module-3",
      "names": Object {
        "export1": "export1",
      },
      "start": 70,
    },
    Object {
      "end": 149,
      "from": "module-4",
      "names": Object {
        "export1": "alias1",
      },
      "start": 105,
    },
    Object {
      "end": 194,
      "from": "module-5",
      "names": Object {
        "export2": "export2",
        "export3": "export3",
      },
      "start": 150,
    },
    Object {
      "end": 249,
      "from": "module-6",
      "names": Object {
        "export4": "export4",
        "export5": "alias2",
      },
      "start": 195,
    },
    Object {
      "end": 300,
      "from": "module-7",
      "names": Object {
        "default": "defaultExport2",
        "export6": "export6",
      },
      "start": 250,
    },
    Object {
      "end": 350,
      "from": "module-8",
      "names": Object {
        "default": "defaultExport3",
      },
      "namespace": Object {
        "name": "name2",
        "usingProps": Array [],
      },
      "start": 301,
    },
    Object {
      "end": 446,
      "from": "module-9",
      "names": Object {
        "string literal": "name3",
      },
      "start": 396,
    },
    Object {
      "end": 465,
      "from": "module-10",
      "start": 447,
    },
  ],
}
`;
